src/app/api/auctions/[id]/bid/route.ts(21,30): error TS2552: Cannot find name 'prisma'. Did you mean 'Prisma'?
src/app/api/auctions/[id]/bid/route.ts(42,36): error TS2552: Cannot find name 'prisma'. Did you mean 'Prisma'?
src/app/api/auctions/[id]/bid/route.ts(54,11): error TS2552: Cannot find name 'prisma'. Did you mean 'Prisma'?
src/app/api/auctions/[id]/bid/route.ts(77,11): error TS2552: Cannot find name 'prisma'. Did you mean 'Prisma'?
src/app/api/auctions/[id]/bid/route.ts(87,11): error TS2552: Cannot find name 'prisma'. Did you mean 'Prisma'?
src/app/api/auctions/[id]/bid/route.ts(97,13): error TS2552: Cannot find name 'prisma'. Did you mean 'Prisma'?
src/components/motion/MagneticButton.tsx(39,6): error TS2322: Type '{ children: ReactNode; disabled?: boolean | undefined; form?: string | undefined; formAction?: string | ((formData: FormData) => void | Promise<void>) | undefined; ... 287 more ...; className: string; }' is not assignable to type 'Omit<HTMLMotionProps<"button">, "ref">'.
  Types of property 'onAnimationStart' are incompatible.
    Type 'AnimationEventHandler<HTMLButtonElement> | undefined' is not assignable to type '((definition: AnimationDefinition) => void) | undefined'.
      Type 'AnimationEventHandler<HTMLButtonElement>' is not assignable to type '(definition: AnimationDefinition) => void'.
        Types of parameters 'event' and 'definition' are incompatible.
          Type 'AnimationDefinition' is not assignable to type 'AnimationEvent<HTMLButtonElement>'.
            Type 'string' is not assignable to type 'AnimationEvent<HTMLButtonElement>'.
src/components/ui/Button.tsx(68,9): error TS2322: Type 'ReactNode | MotionValueNumber | MotionValueString' is not assignable to type 'ReactNode'.
  Type 'MotionValueNumber' is not assignable to type 'ReactNode'.
src/components/ui/ProductCard.tsx(139,21): error TS2322: Type '"surface"' is not assignable to type '"primary" | "secondary" | "success" | "danger" | "ghost" | "outline" | undefined'.
src/components/ui/ProductCard.tsx(142,21): error TS2322: Type '"surface"' is not assignable to type '"primary" | "secondary" | "success" | "danger" | "ghost" | "outline" | undefined'.
src/domains/Commerce/ui/ProductIntelligenceDashboard.tsx(17,87): error TS2304: Cannot find name 'useProductIntelligence'.
src/domains/CommerceCore/PricingEngine/services/AIPricingRule.ts(3,38): error TS2307: Cannot find module '../../../../AI/orchestrator/AIOrchestrator' or its corresponding type declarations.
src/domains/CommerceCore/PricingEngine/services/AIPricingRule.ts(4,32): error TS2307: Cannot find module '../../../../AI/prompts' or its corresponding type declarations.
src/domains/discovery/sdk/hooks.ts(15,11): error TS2345: Argument of type '"search.started"' is not assignable to parameter of type 'EventName'.
src/domains/discovery/sdk/hooks.ts(27,14): error TS2339: Property 'trackEvent' does not exist on type 'DiscoveryEngine'.
src/domains/Experience/components/conversion/UpsellDrawer.tsx(41,18): error TS2339: Property 'cartState' does not exist on type 'CartState'.
tests/domains/InventoryEngine.test.ts(26,9): error TS2353: Object literal may only specify known properties, and 'location' does not exist in type '{ id: string; productId: string; warehouseId: string; quantity: number; reserved: number; }'.
tests/domains/InventoryEngine.test.ts(42,9): error TS2353: Object literal may only specify known properties, and 'location' does not exist in type '{ id: string; productId: string; warehouseId: string; quantity: number; reserved: number; }'.
tests/domains/InventoryEngine.test.ts(60,38): error TS2554: Expected 1 arguments, but got 0.
tests/domains/InventoryEngine.test.ts(62,20): error TS2339: Property 'publish' does not exist on type 'DeepMockProxy<IInventoryEventBus>'.
tests/domains/InventoryEngine.test.ts(70,9): error TS2353: Object literal may only specify known properties, and 'location' does not exist in type '{ id: string; productId: string; warehouseId: string; quantity: number; reserved: number; }'.
tests/domains/NotificationEngine.test.ts(8,10): error TS2724: '"@/domains/Platform/Notifications/providers/ProviderRegistry"' has no exported member named 'NotificationProvider'. Did you mean 'INotificationProvider'?
tests/domains/NotificationEngine.test.ts(41,27): error TS2304: Cannot find name 'INotificationProvider'.
tests/domains/NotificationEngine.test.ts(71,27): error TS2304: Cannot find name 'INotificationProvider'.
tests/domains/OrderEngine.test.ts(32,9): error TS2353: Object literal may only specify known properties, and 'fulfillmentStatus' does not exist in type '{ id: string; updatedAt: Date; userId: string; idempotencyKey: string | null; totalAmount: Decimal; subtotal: Decimal; tax: Decimal; shippingCost: Decimal; ... 11 more ...; createdAt: Date; }'.
tests/domains/PaymentEngine.test.ts(22,9): error TS2353: Object literal may only specify known properties, and 'status' does not exist in type 'PaymentIntentResult'.
tests/domains/PaymentEngine.test.ts(36,61): error TS2345: Argument of type '{ isValid: false; providerEventId: string; }' is not assignable to parameter of type 'PaymentVerificationResult'.
  Type '{ isValid: false; providerEventId: string; }' is missing the following properties from type 'PaymentVerificationResult': payloadHash, status
tests/domains/PricingEngine.test.ts(25,11): error TS2741: Property 'categoryId' is missing in type '{ id: string; quantity: number; unitPrice: Money; }' but required in type 'CartItemContext'.
tests/domains/PricingEngine.test.ts(26,11): error TS2741: Property 'categoryId' is missing in type '{ id: string; quantity: number; unitPrice: Money; }' but required in type 'CartItemContext'.
tests/domains/PricingEngine.test.ts(49,13): error TS2739: Type '{ apply: () => Money; }' is missing the following properties from type 'PricingRule': id, name
tests/domains/PricingEngine.test.ts(55,10): error TS2741: Property 'categoryId' is missing in type '{ id: string; quantity: number; unitPrice: Money; }' but required in type 'CartItemContext'.
tests/domains/PricingEngine.test.ts(80,10): error TS2741: Property 'categoryId' is missing in type '{ id: string; quantity: number; unitPrice: Money; }' but required in type 'CartItemContext'.
